../Core/Src/main.c:70:19:SPI_SendFrame	32	static
../Core/Src/main.c:86:6:AD5361_Write	24	static
../Core/Src/main.c:96:6:AD5361_GPIO_H	16	static
../Core/Src/main.c:104:6:AD5361_GPIO_L	16	static
../Core/Src/main.c:113:6:AD5360_SetVoltage_VOUT0	40	static
../Core/Src/main.c:184:5:main	8	static
../Core/Src/main.c:258:6:SystemClock_Config	72	static
../Core/Src/main.c:298:13:MX_SPI1_Init	8	static
../Core/Src/main.c:336:13:MX_USART2_UART_Init	8	static
../Core/Src/main.c:369:13:MX_GPIO_Init	40	static
../Core/Src/main.c:413:6:Error_Handler	4	static,ignoring_inline_asm
